10:07:05  INFO      ============================================================
10:07:05  INFO      IFC Junction Analysis  –  2026-03-04T10:07:05
10:07:05  INFO      ============================================================
10:07:05  INFO      Lade IFC: ifc-models\Tv2-1-3.ifc
10:07:05  INFO      Schema: IFC2X3  |  Elemente: 229 Entitäten
10:07:05  INFO      Extrahiere Bauteilgeometrie …
10:07:05  INFO        3 Bauteile geladen, 0 übersprungen.
10:07:05  INFO      Identifiziere Trennelemente …
10:07:05  WARNING     Keine Trennelemente via SpaceBoundary gefunden → Fallback: alle Wände + Decken
10:07:05  INFO        3 Trennelemente.
10:07:05  INFO      ─── SE #142 (IfcWallStandardCase, WandInstanz) ───
10:07:05  DEBUG       SE #142: 2 flankierende Elemente
10:07:05  DEBUG         DD-Normen  n=1.407  u=0.000  v=0.634  (raw n=0.776 u=0.000 v=-0.951)
10:07:05  DEBUG       FE #56 (o) → JB4
10:07:05  DEBUG         DD-Normen  n=1.407  u=0.000  v=0.634  (raw n=-0.776 u=-0.000 v=-0.951)
10:07:05  DEBUG       FE #187 (o) → JB4
10:07:05  DEBUG         identify_junction_type: jb_id=4 n_fe=2 slab=False dirs=['o', 'o'] cz_fe=['short', 'short'] cz_se=['short', 'short']
10:07:05  INFO        JB4: Tv2-1:3          FEs: [56, 187]  [ok]
10:07:05  DEBUG              Note: Tv2-1:3: 2 Decken gleiche v-Seite, gegenüberl. n-Seiten der Wand
10:07:05  INFO      ─── SE #56 (IfcSlab, Floor:DeckenInstanz:316140) ───
10:07:05  DEBUG       SE #56: 2 flankierende Elemente
10:07:05  DEBUG         DD-Normen  n=2.366  u=0.000  v=0.500  (raw n=-0.951 u=0.000 v=0.776)
10:07:05  DEBUG       FE #142 (n) → JB6
10:07:05  DEBUG         DD-Normen  n=0.000  u=0.000  v=1.000  (raw n=0.000 u=0.000 v=1.551)
10:07:05  DEBUG       FE #187 (o) → JB6
10:07:05  DEBUG         identify_junction_type: jb_id=6 n_fe=2 slab=True dirs=['n', 'o'] cz_fe=['short', 'border'] cz_se=['short', 'border']
10:07:05  INFO        JB6: Tv1-24           FEs: [142, 187]  [ok]
10:07:05  DEBUG              Note: Tv1-24: gemischt Wand+Decke
10:07:05  INFO      ─── SE #187 (IfcSlab, Floor:DeckenInstanz:317571) ───
10:07:05  DEBUG       SE #187: 2 flankierende Elemente
10:07:05  DEBUG         DD-Normen  n=2.366  u=0.000  v=0.500  (raw n=-0.951 u=-0.000 v=-0.776)
10:07:05  DEBUG       FE #142 (n) → JB4
10:07:05  DEBUG         DD-Normen  n=0.000  u=0.000  v=1.000  (raw n=0.000 u=-0.000 v=-1.551)
10:07:05  DEBUG       FE #56 (o) → JB4
10:07:05  DEBUG         identify_junction_type: jb_id=4 n_fe=2 slab=True dirs=['n', 'o'] cz_fe=['short', 'border'] cz_se=['short', 'border']
10:07:05  INFO        JB4: Tv1-24           FEs: [142, 56]  [ok]
10:07:05  DEBUG              Note: Tv1-24: gemischt Wand+Decke
10:07:05  INFO        Deduplizierung: 2 Duplikat(e)/Teilmenge(n) entfernt → 1 eindeutige Stoßstellen
10:07:05  INFO      ============================================================
10:07:05  INFO      ✓ 1 Stoßstellen gefunden
10:07:05  INFO      ✓ Typen: {'Tv1-24': 1}
10:07:05  INFO      ✓ Debug:    output\debug_junction_analysis.json
10:07:05  INFO      ✓ Ergebnis: output\junctions_result.json
10:07:05  INFO      ✓ Log:      output\junction_analysis.log
10:07:05  INFO      ============================================================
